git config --global user.name "Sonyvssss"
git config --global user.email sofiashepel@gmail.com 
1
2
git config --global user.name "Sonyvssss"
 
git config --global user.email sofiashepel@gmail.com

$ mkdir Desktop/git_exercise/
$ cd Desktop/git_exercise/
$ git init 
1
2
3
$ mkdir Desktop/git_exercise/
$ cd Desktop/git_exercise/
$ git init

Initialized	empty	Git	repository	in
/home/user/Desktop/git_exercise/.git/ 
1
Initialized	empty	Git	repository	in
/home/user/Desktop/git_exercise/.git/


$ git status
On branch master Initial commit Untracked files:
(use "git add ..." to include in what will be committed)
hello.txt 
1
2
3
4
5
6
$ git status
On branch master Initial commit Untracked files:
(use "git add ..." to include in what will be committed) hello.txt


$ git add hello.txt 
1
$ git add hello.txt


$ git add -A 
1
$ git add -A

$ git status
On branch master Initial commit
Changes to be committed:
(use "git rm --cached ..." to unstage) new file: hello.txt
1
2
3
4
5
6
$ git status
On branch master Initial commit
Changes to be committed:
(use "git rm --cached ..." to unstage) new file: hello.txt


$ git commit -m "Initial commit." 
1
$ git commit -m "Initial commit."
